/Users/georgykrasulya/workspace/gmx-interface/node_modules/uint8arrays/cjs/src/util/bases.js:43
  hex: basics.bases.base16,
                    ^

TypeError: Cannot read properties of undefined (reading 'base16')
    at Object.<anonymous> (/Users/georgykrasulya/workspace/gmx-interface/node_modules/uint8arrays/cjs/src/util/bases.js:43:21)
    at Runtime._execModule (/Users/georgykrasulya/workspace/gmx-interface/node_modules/jest-runtime/build/index.js:1646:24)
    at Runtime._loadModule (/Users/georgykrasulya/workspace/gmx-interface/node_modules/jest-runtime/build/index.js:1185:12)
    at Runtime.requireModule (/Users/georgykrasulya/workspace/gmx-interface/node_modules/jest-runtime/build/index.js:1009:12)
    at Runtime.requireModuleOrMock (/Users/georgykrasulya/workspace/gmx-interface/node_modules/jest-runtime/build/index.js:1210:21)
    at Object.<anonymous> (/Users/georgykrasulya/workspace/gmx-interface/node_modules/uint8arrays/cjs/src/from-string.js:6:13)
    at Runtime._execModule (/Users/georgykrasulya/workspace/gmx-interface/node_modules/jest-runtime/build/index.js:1646:24)
    at Runtime._loadModule (/Users/georgykrasulya/workspace/gmx-interface/node_modules/jest-runtime/build/index.js:1185:12)
    at Runtime.requireModule (/Users/georgykrasulya/workspace/gmx-interface/node_modules/jest-runtime/build/index.js:1009:12)
    at Runtime.requireModuleOrMock (/Users/georgykrasulya/workspace/gmx-interface/node_modules/jest-runtime/build/index.js:1210:21)
    at Object.<anonymous> (/Users/georgykrasulya/workspace/gmx-interface/node_modules/uint8arrays/cjs/src/index.js:9:18)
    at Runtime._execModule (/Users/georgykrasulya/workspace/gmx-interface/node_modules/jest-runtime/build/index.js:1646:24)
    at Runtime._loadModule (/Users/georgykrasulya/workspace/gmx-interface/node_modules/jest-runtime/build/index.js:1185:12)
    at Runtime.requireModule (/Users/georgykrasulya/workspace/gmx-interface/node_modules/jest-runtime/build/index.js:1009:12)
    at Runtime.requireModuleOrMock (/Users/georgykrasulya/workspace/gmx-interface/node_modules/jest-runtime/build/index.js:1210:21)
    at Object.<anonymous> (/Users/georgykrasulya/workspace/gmx-interface/node_modules/@walletconnect/utils/dist/index.cjs.js:11:7)
    at Runtime._execModule (/Users/georgykrasulya/workspace/gmx-interface/node_modules/jest-runtime/build/index.js:1646:24)
    at Runtime._loadModule (/Users/georgykrasulya/workspace/gmx-interface/node_modules/jest-runtime/build/index.js:1185:12)
    at Runtime.requireModule (/Users/georgykrasulya/workspace/gmx-interface/node_modules/jest-runtime/build/index.js:1009:12)
    at Runtime.requireModuleOrMock (/Users/georgykrasulya/workspace/gmx-interface/node_modules/jest-runtime/build/index.js:1210:21)
    at Object.<anonymous> (/Users/georgykrasulya/workspace/gmx-interface/node_modules/@walletconnect/ethereum-provider/dist/index.cjs.js:7:7)
    at Runtime._execModule (/Users/georgykrasulya/workspace/gmx-interface/node_modules/jest-runtime/build/index.js:1646:24)
    at Runtime._loadModule (/Users/georgykrasulya/workspace/gmx-interface/node_modules/jest-runtime/build/index.js:1185:12)
    at Runtime.requireModule (/Users/georgykrasulya/workspace/gmx-interface/node_modules/jest-runtime/build/index.js:1009:12)
    at Runtime.requireModuleOrMock (/Users/georgykrasulya/workspace/gmx-interface/node_modules/jest-runtime/build/index.js:1210:21)
    at /Users/georgykrasulya/workspace/gmx-interface/node_modules/@wagmi/connectors/dist/walletConnect.js:233:80
    at processTicksAndRejections (node:internal/process/task_queues:96:5)
    at WalletConnectConnector.initProvider_fn (/Users/georgykrasulya/workspace/gmx-interface/node_modules/@wagmi/connectors/dist/walletConnect.js:233:7)
/Users/georgykrasulya/workspace/gmx-interface/node_modules/uint8arrays/cjs/src/util/bases.js:43
  hex: basics.bases.base16,
                    ^

TypeError: Cannot read properties of undefined (reading 'base16')
    at Object.<anonymous> (/Users/georgykrasulya/workspace/gmx-interface/node_modules/uint8arrays/cjs/src/util/bases.js:43:21)
    at Runtime._execModule (/Users/georgykrasulya/workspace/gmx-interface/node_modules/jest-runtime/build/index.js:1646:24)
    at Runtime._loadModule (/Users/georgykrasulya/workspace/gmx-interface/node_modules/jest-runtime/build/index.js:1185:12)
    at Runtime.requireModule (/Users/georgykrasulya/workspace/gmx-interface/node_modules/jest-runtime/build/index.js:1009:12)
    at Runtime.requireModuleOrMock (/Users/georgykrasulya/workspace/gmx-interface/node_modules/jest-runtime/build/index.js:1210:21)
    at Object.<anonymous> (/Users/georgykrasulya/workspace/gmx-interface/node_modules/uint8arrays/cjs/src/from-string.js:6:13)
    at Runtime._execModule (/Users/georgykrasulya/workspace/gmx-interface/node_modules/jest-runtime/build/index.js:1646:24)
    at Runtime._loadModule (/Users/georgykrasulya/workspace/gmx-interface/node_modules/jest-runtime/build/index.js:1185:12)
    at Runtime.requireModule (/Users/georgykrasulya/workspace/gmx-interface/node_modules/jest-runtime/build/index.js:1009:12)
    at Runtime.requireModuleOrMock (/Users/georgykrasulya/workspace/gmx-interface/node_modules/jest-runtime/build/index.js:1210:21)
    at Object.<anonymous> (/Users/georgykrasulya/workspace/gmx-interface/node_modules/uint8arrays/cjs/src/index.js:9:18)
    at Runtime._execModule (/Users/georgykrasulya/workspace/gmx-interface/node_modules/jest-runtime/build/index.js:1646:24)
    at Runtime._loadModule (/Users/georgykrasulya/workspace/gmx-interface/node_modules/jest-runtime/build/index.js:1185:12)
    at Runtime.requireModule (/Users/georgykrasulya/workspace/gmx-interface/node_modules/jest-runtime/build/index.js:1009:12)
    at Runtime.requireModuleOrMock (/Users/georgykrasulya/workspace/gmx-interface/node_modules/jest-runtime/build/index.js:1210:21)
    at Object.<anonymous> (/Users/georgykrasulya/workspace/gmx-interface/node_modules/@walletconnect/utils/dist/index.cjs.js:11:7)
    at Runtime._execModule (/Users/georgykrasulya/workspace/gmx-interface/node_modules/jest-runtime/build/index.js:1646:24)
    at Runtime._loadModule (/Users/georgykrasulya/workspace/gmx-interface/node_modules/jest-runtime/build/index.js:1185:12)
    at Runtime.requireModule (/Users/georgykrasulya/workspace/gmx-interface/node_modules/jest-runtime/build/index.js:1009:12)
    at Runtime.requireModuleOrMock (/Users/georgykrasulya/workspace/gmx-interface/node_modules/jest-runtime/build/index.js:1210:21)
    at Object.<anonymous> (/Users/georgykrasulya/workspace/gmx-interface/node_modules/@walletconnect/ethereum-provider/dist/index.cjs.js:7:7)
    at Runtime._execModule (/Users/georgykrasulya/workspace/gmx-interface/node_modules/jest-runtime/build/index.js:1646:24)
    at Runtime._loadModule (/Users/georgykrasulya/workspace/gmx-interface/node_modules/jest-runtime/build/index.js:1185:12)
    at Runtime.requireModule (/Users/georgykrasulya/workspace/gmx-interface/node_modules/jest-runtime/build/index.js:1009:12)
    at Runtime.requireModuleOrMock (/Users/georgykrasulya/workspace/gmx-interface/node_modules/jest-runtime/build/index.js:1210:21)
    at /Users/georgykrasulya/workspace/gmx-interface/node_modules/@wagmi/connectors/dist/walletConnect.js:233:80
    at processTicksAndRejections (node:internal/process/task_queues:96:5)
    at WalletConnectConnector.initProvider_fn (/Users/georgykrasulya/workspace/gmx-interface/node_modules/@wagmi/connectors/dist/walletConnect.js:233:7)
/Users/georgykrasulya/workspace/gmx-interface/node_modules/uint8arrays/cjs/src/util/bases.js:43
  hex: basics.bases.base16,
                    ^

TypeError: Cannot read properties of undefined (reading 'base16')
    at Object.<anonymous> (/Users/georgykrasulya/workspace/gmx-interface/node_modules/uint8arrays/cjs/src/util/bases.js:43:21)
    at Runtime._execModule (/Users/georgykrasulya/workspace/gmx-interface/node_modules/jest-runtime/build/index.js:1646:24)
    at Runtime._loadModule (/Users/georgykrasulya/workspace/gmx-interface/node_modules/jest-runtime/build/index.js:1185:12)
    at Runtime.requireModule (/Users/georgykrasulya/workspace/gmx-interface/node_modules/jest-runtime/build/index.js:1009:12)
    at Runtime.requireModuleOrMock (/Users/georgykrasulya/workspace/gmx-interface/node_modules/jest-runtime/build/index.js:1210:21)
    at Object.<anonymous> (/Users/georgykrasulya/workspace/gmx-interface/node_modules/uint8arrays/cjs/src/from-string.js:6:13)
    at Runtime._execModule (/Users/georgykrasulya/workspace/gmx-interface/node_modules/jest-runtime/build/index.js:1646:24)
    at Runtime._loadModule (/Users/georgykrasulya/workspace/gmx-interface/node_modules/jest-runtime/build/index.js:1185:12)
    at Runtime.requireModule (/Users/georgykrasulya/workspace/gmx-interface/node_modules/jest-runtime/build/index.js:1009:12)
    at Runtime.requireModuleOrMock (/Users/georgykrasulya/workspace/gmx-interface/node_modules/jest-runtime/build/index.js:1210:21)
    at Object.<anonymous> (/Users/georgykrasulya/workspace/gmx-interface/node_modules/uint8arrays/cjs/src/index.js:9:18)
    at Runtime._execModule (/Users/georgykrasulya/workspace/gmx-interface/node_modules/jest-runtime/build/index.js:1646:24)
    at Runtime._loadModule (/Users/georgykrasulya/workspace/gmx-interface/node_modules/jest-runtime/build/index.js:1185:12)
    at Runtime.requireModule (/Users/georgykrasulya/workspace/gmx-interface/node_modules/jest-runtime/build/index.js:1009:12)
    at Runtime.requireModuleOrMock (/Users/georgykrasulya/workspace/gmx-interface/node_modules/jest-runtime/build/index.js:1210:21)
    at Object.<anonymous> (/Users/georgykrasulya/workspace/gmx-interface/node_modules/@walletconnect/utils/dist/index.cjs.js:11:7)
    at Runtime._execModule (/Users/georgykrasulya/workspace/gmx-interface/node_modules/jest-runtime/build/index.js:1646:24)
    at Runtime._loadModule (/Users/georgykrasulya/workspace/gmx-interface/node_modules/jest-runtime/build/index.js:1185:12)
    at Runtime.requireModule (/Users/georgykrasulya/workspace/gmx-interface/node_modules/jest-runtime/build/index.js:1009:12)
    at Runtime.requireModuleOrMock (/Users/georgykrasulya/workspace/gmx-interface/node_modules/jest-runtime/build/index.js:1210:21)
    at Object.<anonymous> (/Users/georgykrasulya/workspace/gmx-interface/node_modules/@walletconnect/ethereum-provider/dist/index.cjs.js:7:7)
    at Runtime._execModule (/Users/georgykrasulya/workspace/gmx-interface/node_modules/jest-runtime/build/index.js:1646:24)
    at Runtime._loadModule (/Users/georgykrasulya/workspace/gmx-interface/node_modules/jest-runtime/build/index.js:1185:12)
    at Runtime.requireModule (/Users/georgykrasulya/workspace/gmx-interface/node_modules/jest-runtime/build/index.js:1009:12)
    at Runtime.requireModuleOrMock (/Users/georgykrasulya/workspace/gmx-interface/node_modules/jest-runtime/build/index.js:1210:21)
    at /Users/georgykrasulya/workspace/gmx-interface/node_modules/@wagmi/connectors/dist/walletConnect.js:233:80
    at processTicksAndRejections (node:internal/process/task_queues:96:5)
    at WalletConnectConnector.initProvider_fn (/Users/georgykrasulya/workspace/gmx-interface/node_modules/@wagmi/connectors/dist/walletConnect.js:233:7)
/Users/georgykrasulya/workspace/gmx-interface/node_modules/uint8arrays/cjs/src/util/bases.js:43
  hex: basics.bases.base16,
                    ^

TypeError: Cannot read properties of undefined (reading 'base16')
    at Object.<anonymous> (/Users/georgykrasulya/workspace/gmx-interface/node_modules/uint8arrays/cjs/src/util/bases.js:43:21)
    at Runtime._execModule (/Users/georgykrasulya/workspace/gmx-interface/node_modules/jest-runtime/build/index.js:1646:24)
    at Runtime._loadModule (/Users/georgykrasulya/workspace/gmx-interface/node_modules/jest-runtime/build/index.js:1185:12)
    at Runtime.requireModule (/Users/georgykrasulya/workspace/gmx-interface/node_modules/jest-runtime/build/index.js:1009:12)
    at Runtime.requireModuleOrMock (/Users/georgykrasulya/workspace/gmx-interface/node_modules/jest-runtime/build/index.js:1210:21)
    at Object.<anonymous> (/Users/georgykrasulya/workspace/gmx-interface/node_modules/uint8arrays/cjs/src/from-string.js:6:13)
    at Runtime._execModule (/Users/georgykrasulya/workspace/gmx-interface/node_modules/jest-runtime/build/index.js:1646:24)
    at Runtime._loadModule (/Users/georgykrasulya/workspace/gmx-interface/node_modules/jest-runtime/build/index.js:1185:12)
    at Runtime.requireModule (/Users/georgykrasulya/workspace/gmx-interface/node_modules/jest-runtime/build/index.js:1009:12)
    at Runtime.requireModuleOrMock (/Users/georgykrasulya/workspace/gmx-interface/node_modules/jest-runtime/build/index.js:1210:21)
    at Object.<anonymous> (/Users/georgykrasulya/workspace/gmx-interface/node_modules/uint8arrays/cjs/src/index.js:9:18)
    at Runtime._execModule (/Users/georgykrasulya/workspace/gmx-interface/node_modules/jest-runtime/build/index.js:1646:24)
    at Runtime._loadModule (/Users/georgykrasulya/workspace/gmx-interface/node_modules/jest-runtime/build/index.js:1185:12)
    at Runtime.requireModule (/Users/georgykrasulya/workspace/gmx-interface/node_modules/jest-runtime/build/index.js:1009:12)
    at Runtime.requireModuleOrMock (/Users/georgykrasulya/workspace/gmx-interface/node_modules/jest-runtime/build/index.js:1210:21)
    at Object.<anonymous> (/Users/georgykrasulya/workspace/gmx-interface/node_modules/@walletconnect/utils/dist/index.cjs.js:11:7)
    at Runtime._execModule (/Users/georgykrasulya/workspace/gmx-interface/node_modules/jest-runtime/build/index.js:1646:24)
    at Runtime._loadModule (/Users/georgykrasulya/workspace/gmx-interface/node_modules/jest-runtime/build/index.js:1185:12)
    at Runtime.requireModule (/Users/georgykrasulya/workspace/gmx-interface/node_modules/jest-runtime/build/index.js:1009:12)
    at Runtime.requireModuleOrMock (/Users/georgykrasulya/workspace/gmx-interface/node_modules/jest-runtime/build/index.js:1210:21)
    at Object.<anonymous> (/Users/georgykrasulya/workspace/gmx-interface/node_modules/@walletconnect/ethereum-provider/dist/index.cjs.js:7:7)
    at Runtime._execModule (/Users/georgykrasulya/workspace/gmx-interface/node_modules/jest-runtime/build/index.js:1646:24)
    at Runtime._loadModule (/Users/georgykrasulya/workspace/gmx-interface/node_modules/jest-runtime/build/index.js:1185:12)
    at Runtime.requireModule (/Users/georgykrasulya/workspace/gmx-interface/node_modules/jest-runtime/build/index.js:1009:12)
    at Runtime.requireModuleOrMock (/Users/georgykrasulya/workspace/gmx-interface/node_modules/jest-runtime/build/index.js:1210:21)
    at /Users/georgykrasulya/workspace/gmx-interface/node_modules/@wagmi/connectors/dist/walletConnect.js:233:80
    at processTicksAndRejections (node:internal/process/task_queues:96:5)
    at WalletConnectConnector.initProvider_fn (/Users/georgykrasulya/workspace/gmx-interface/node_modules/@wagmi/connectors/dist/walletConnect.js:233:7)
/Users/georgykrasulya/workspace/gmx-interface/node_modules/uint8arrays/cjs/src/util/bases.js:43
  hex: basics.bases.base16,
                    ^

TypeError: Cannot read properties of undefined (reading 'base16')
    at Object.<anonymous> (/Users/georgykrasulya/workspace/gmx-interface/node_modules/uint8arrays/cjs/src/util/bases.js:43:21)
    at Runtime._execModule (/Users/georgykrasulya/workspace/gmx-interface/node_modules/jest-runtime/build/index.js:1646:24)
    at Runtime._loadModule (/Users/georgykrasulya/workspace/gmx-interface/node_modules/jest-runtime/build/index.js:1185:12)
    at Runtime.requireModule (/Users/georgykrasulya/workspace/gmx-interface/node_modules/jest-runtime/build/index.js:1009:12)
    at Runtime.requireModuleOrMock (/Users/georgykrasulya/workspace/gmx-interface/node_modules/jest-runtime/build/index.js:1210:21)
    at Object.<anonymous> (/Users/georgykrasulya/workspace/gmx-interface/node_modules/uint8arrays/cjs/src/from-string.js:6:13)
    at Runtime._execModule (/Users/georgykrasulya/workspace/gmx-interface/node_modules/jest-runtime/build/index.js:1646:24)
    at Runtime._loadModule (/Users/georgykrasulya/workspace/gmx-interface/node_modules/jest-runtime/build/index.js:1185:12)
    at Runtime.requireModule (/Users/georgykrasulya/workspace/gmx-interface/node_modules/jest-runtime/build/index.js:1009:12)
    at Runtime.requireModuleOrMock (/Users/georgykrasulya/workspace/gmx-interface/node_modules/jest-runtime/build/index.js:1210:21)
    at Object.<anonymous> (/Users/georgykrasulya/workspace/gmx-interface/node_modules/uint8arrays/cjs/src/index.js:9:18)
    at Runtime._execModule (/Users/georgykrasulya/workspace/gmx-interface/node_modules/jest-runtime/build/index.js:1646:24)
    at Runtime._loadModule (/Users/georgykrasulya/workspace/gmx-interface/node_modules/jest-runtime/build/index.js:1185:12)
    at Runtime.requireModule (/Users/georgykrasulya/workspace/gmx-interface/node_modules/jest-runtime/build/index.js:1009:12)
    at Runtime.requireModuleOrMock (/Users/georgykrasulya/workspace/gmx-interface/node_modules/jest-runtime/build/index.js:1210:21)
    at Object.<anonymous> (/Users/georgykrasulya/workspace/gmx-interface/node_modules/@walletconnect/utils/dist/index.cjs.js:11:7)
    at Runtime._execModule (/Users/georgykrasulya/workspace/gmx-interface/node_modules/jest-runtime/build/index.js:1646:24)
    at Runtime._loadModule (/Users/georgykrasulya/workspace/gmx-interface/node_modules/jest-runtime/build/index.js:1185:12)
    at Runtime.requireModule (/Users/georgykrasulya/workspace/gmx-interface/node_modules/jest-runtime/build/index.js:1009:12)
    at Runtime.requireModuleOrMock (/Users/georgykrasulya/workspace/gmx-interface/node_modules/jest-runtime/build/index.js:1210:21)
    at Object.<anonymous> (/Users/georgykrasulya/workspace/gmx-interface/node_modules/@walletconnect/ethereum-provider/dist/index.cjs.js:7:7)
    at Runtime._execModule (/Users/georgykrasulya/workspace/gmx-interface/node_modules/jest-runtime/build/index.js:1646:24)
    at Runtime._loadModule (/Users/georgykrasulya/workspace/gmx-interface/node_modules/jest-runtime/build/index.js:1185:12)
    at Runtime.requireModule (/Users/georgykrasulya/workspace/gmx-interface/node_modules/jest-runtime/build/index.js:1009:12)
    at Runtime.requireModuleOrMock (/Users/georgykrasulya/workspace/gmx-interface/node_modules/jest-runtime/build/index.js:1210:21)
    at /Users/georgykrasulya/workspace/gmx-interface/node_modules/@wagmi/connectors/dist/walletConnect.js:233:80
    at processTicksAndRejections (node:internal/process/task_queues:96:5)
    at WalletConnectConnector.initProvider_fn (/Users/georgykrasulya/workspace/gmx-interface/node_modules/@wagmi/connectors/dist/walletConnect.js:233:7)
/Users/georgykrasulya/workspace/gmx-interface/node_modules/uint8arrays/cjs/src/util/bases.js:43
  hex: basics.bases.base16,
                    ^

TypeError: Cannot read properties of undefined (reading 'base16')
    at Object.<anonymous> (/Users/georgykrasulya/workspace/gmx-interface/node_modules/uint8arrays/cjs/src/util/bases.js:43:21)
    at Runtime._execModule (/Users/georgykrasulya/workspace/gmx-interface/node_modules/jest-runtime/build/index.js:1646:24)
    at Runtime._loadModule (/Users/georgykrasulya/workspace/gmx-interface/node_modules/jest-runtime/build/index.js:1185:12)
    at Runtime.requireModule (/Users/georgykrasulya/workspace/gmx-interface/node_modules/jest-runtime/build/index.js:1009:12)
    at Runtime.requireModuleOrMock (/Users/georgykrasulya/workspace/gmx-interface/node_modules/jest-runtime/build/index.js:1210:21)
    at Object.<anonymous> (/Users/georgykrasulya/workspace/gmx-interface/node_modules/uint8arrays/cjs/src/from-string.js:6:13)
    at Runtime._execModule (/Users/georgykrasulya/workspace/gmx-interface/node_modules/jest-runtime/build/index.js:1646:24)
    at Runtime._loadModule (/Users/georgykrasulya/workspace/gmx-interface/node_modules/jest-runtime/build/index.js:1185:12)
    at Runtime.requireModule (/Users/georgykrasulya/workspace/gmx-interface/node_modules/jest-runtime/build/index.js:1009:12)
    at Runtime.requireModuleOrMock (/Users/georgykrasulya/workspace/gmx-interface/node_modules/jest-runtime/build/index.js:1210:21)
    at Object.<anonymous> (/Users/georgykrasulya/workspace/gmx-interface/node_modules/uint8arrays/cjs/src/index.js:9:18)
    at Runtime._execModule (/Users/georgykrasulya/workspace/gmx-interface/node_modules/jest-runtime/build/index.js:1646:24)
    at Runtime._loadModule (/Users/georgykrasulya/workspace/gmx-interface/node_modules/jest-runtime/build/index.js:1185:12)
    at Runtime.requireModule (/Users/georgykrasulya/workspace/gmx-interface/node_modules/jest-runtime/build/index.js:1009:12)
    at Runtime.requireModuleOrMock (/Users/georgykrasulya/workspace/gmx-interface/node_modules/jest-runtime/build/index.js:1210:21)
    at Object.<anonymous> (/Users/georgykrasulya/workspace/gmx-interface/node_modules/@walletconnect/utils/dist/index.cjs.js:11:7)
    at Runtime._execModule (/Users/georgykrasulya/workspace/gmx-interface/node_modules/jest-runtime/build/index.js:1646:24)
    at Runtime._loadModule (/Users/georgykrasulya/workspace/gmx-interface/node_modules/jest-runtime/build/index.js:1185:12)
    at Runtime.requireModule (/Users/georgykrasulya/workspace/gmx-interface/node_modules/jest-runtime/build/index.js:1009:12)
    at Runtime.requireModuleOrMock (/Users/georgykrasulya/workspace/gmx-interface/node_modules/jest-runtime/build/index.js:1210:21)
    at Object.<anonymous> (/Users/georgykrasulya/workspace/gmx-interface/node_modules/@walletconnect/ethereum-provider/dist/index.cjs.js:7:7)
    at Runtime._execModule (/Users/georgykrasulya/workspace/gmx-interface/node_modules/jest-runtime/build/index.js:1646:24)
    at Runtime._loadModule (/Users/georgykrasulya/workspace/gmx-interface/node_modules/jest-runtime/build/index.js:1185:12)
    at Runtime.requireModule (/Users/georgykrasulya/workspace/gmx-interface/node_modules/jest-runtime/build/index.js:1009:12)
    at Runtime.requireModuleOrMock (/Users/georgykrasulya/workspace/gmx-interface/node_modules/jest-runtime/build/index.js:1210:21)
    at /Users/georgykrasulya/workspace/gmx-interface/node_modules/@wagmi/connectors/dist/walletConnect.js:233:80
    at processTicksAndRejections (node:internal/process/task_queues:96:5)
    at WalletConnectConnector.initProvider_fn (/Users/georgykrasulya/workspace/gmx-interface/node_modules/@wagmi/connectors/dist/walletConnect.js:233:7)
/Users/georgykrasulya/workspace/gmx-interface/node_modules/uint8arrays/cjs/src/util/bases.js:43
  hex: basics.bases.base16,
                    ^

TypeError: Cannot read properties of undefined (reading 'base16')
    at Object.<anonymous> (/Users/georgykrasulya/workspace/gmx-interface/node_modules/uint8arrays/cjs/src/util/bases.js:43:21)
    at Runtime._execModule (/Users/georgykrasulya/workspace/gmx-interface/node_modules/jest-runtime/build/index.js:1646:24)
    at Runtime._loadModule (/Users/georgykrasulya/workspace/gmx-interface/node_modules/jest-runtime/build/index.js:1185:12)
    at Runtime.requireModule (/Users/georgykrasulya/workspace/gmx-interface/node_modules/jest-runtime/build/index.js:1009:12)
    at Runtime.requireModuleOrMock (/Users/georgykrasulya/workspace/gmx-interface/node_modules/jest-runtime/build/index.js:1210:21)
    at Object.<anonymous> (/Users/georgykrasulya/workspace/gmx-interface/node_modules/uint8arrays/cjs/src/from-string.js:6:13)
    at Runtime._execModule (/Users/georgykrasulya/workspace/gmx-interface/node_modules/jest-runtime/build/index.js:1646:24)
    at Runtime._loadModule (/Users/georgykrasulya/workspace/gmx-interface/node_modules/jest-runtime/build/index.js:1185:12)
    at Runtime.requireModule (/Users/georgykrasulya/workspace/gmx-interface/node_modules/jest-runtime/build/index.js:1009:12)
    at Runtime.requireModuleOrMock (/Users/georgykrasulya/workspace/gmx-interface/node_modules/jest-runtime/build/index.js:1210:21)
    at Object.<anonymous> (/Users/georgykrasulya/workspace/gmx-interface/node_modules/uint8arrays/cjs/src/index.js:9:18)
    at Runtime._execModule (/Users/georgykrasulya/workspace/gmx-interface/node_modules/jest-runtime/build/index.js:1646:24)
    at Runtime._loadModule (/Users/georgykrasulya/workspace/gmx-interface/node_modules/jest-runtime/build/index.js:1185:12)
    at Runtime.requireModule (/Users/georgykrasulya/workspace/gmx-interface/node_modules/jest-runtime/build/index.js:1009:12)
    at Runtime.requireModuleOrMock (/Users/georgykrasulya/workspace/gmx-interface/node_modules/jest-runtime/build/index.js:1210:21)
    at Object.<anonymous> (/Users/georgykrasulya/workspace/gmx-interface/node_modules/@walletconnect/utils/dist/index.cjs.js:11:7)
    at Runtime._execModule (/Users/georgykrasulya/workspace/gmx-interface/node_modules/jest-runtime/build/index.js:1646:24)
    at Runtime._loadModule (/Users/georgykrasulya/workspace/gmx-interface/node_modules/jest-runtime/build/index.js:1185:12)
    at Runtime.requireModule (/Users/georgykrasulya/workspace/gmx-interface/node_modules/jest-runtime/build/index.js:1009:12)
    at Runtime.requireModuleOrMock (/Users/georgykrasulya/workspace/gmx-interface/node_modules/jest-runtime/build/index.js:1210:21)
    at Object.<anonymous> (/Users/georgykrasulya/workspace/gmx-interface/node_modules/@walletconnect/ethereum-provider/dist/index.cjs.js:7:7)
    at Runtime._execModule (/Users/georgykrasulya/workspace/gmx-interface/node_modules/jest-runtime/build/index.js:1646:24)
    at Runtime._loadModule (/Users/georgykrasulya/workspace/gmx-interface/node_modules/jest-runtime/build/index.js:1185:12)
    at Runtime.requireModule (/Users/georgykrasulya/workspace/gmx-interface/node_modules/jest-runtime/build/index.js:1009:12)
    at Runtime.requireModuleOrMock (/Users/georgykrasulya/workspace/gmx-interface/node_modules/jest-runtime/build/index.js:1210:21)
    at /Users/georgykrasulya/workspace/gmx-interface/node_modules/@wagmi/connectors/dist/walletConnect.js:233:80
    at processTicksAndRejections (node:internal/process/task_queues:96:5)
    at WalletConnectConnector.initProvider_fn (/Users/georgykrasulya/workspace/gmx-interface/node_modules/@wagmi/connectors/dist/walletConnect.js:233:7)
/Users/georgykrasulya/workspace/gmx-interface/node_modules/uint8arrays/cjs/src/util/bases.js:43
  hex: basics.bases.base16,
                    ^

TypeError: Cannot read properties of undefined (reading 'base16')
    at Object.<anonymous> (/Users/georgykrasulya/workspace/gmx-interface/node_modules/uint8arrays/cjs/src/util/bases.js:43:21)
    at Runtime._execModule (/Users/georgykrasulya/workspace/gmx-interface/node_modules/jest-runtime/build/index.js:1646:24)
    at Runtime._loadModule (/Users/georgykrasulya/workspace/gmx-interface/node_modules/jest-runtime/build/index.js:1185:12)
    at Runtime.requireModule (/Users/georgykrasulya/workspace/gmx-interface/node_modules/jest-runtime/build/index.js:1009:12)
    at Runtime.requireModuleOrMock (/Users/georgykrasulya/workspace/gmx-interface/node_modules/jest-runtime/build/index.js:1210:21)
    at Object.<anonymous> (/Users/georgykrasulya/workspace/gmx-interface/node_modules/uint8arrays/cjs/src/from-string.js:6:13)
    at Runtime._execModule (/Users/georgykrasulya/workspace/gmx-interface/node_modules/jest-runtime/build/index.js:1646:24)
    at Runtime._loadModule (/Users/georgykrasulya/workspace/gmx-interface/node_modules/jest-runtime/build/index.js:1185:12)
    at Runtime.requireModule (/Users/georgykrasulya/workspace/gmx-interface/node_modules/jest-runtime/build/index.js:1009:12)
    at Runtime.requireModuleOrMock (/Users/georgykrasulya/workspace/gmx-interface/node_modules/jest-runtime/build/index.js:1210:21)
    at Object.<anonymous> (/Users/georgykrasulya/workspace/gmx-interface/node_modules/uint8arrays/cjs/src/index.js:9:18)
    at Runtime._execModule (/Users/georgykrasulya/workspace/gmx-interface/node_modules/jest-runtime/build/index.js:1646:24)
    at Runtime._loadModule (/Users/georgykrasulya/workspace/gmx-interface/node_modules/jest-runtime/build/index.js:1185:12)
    at Runtime.requireModule (/Users/georgykrasulya/workspace/gmx-interface/node_modules/jest-runtime/build/index.js:1009:12)
    at Runtime.requireModuleOrMock (/Users/georgykrasulya/workspace/gmx-interface/node_modules/jest-runtime/build/index.js:1210:21)
    at Object.<anonymous> (/Users/georgykrasulya/workspace/gmx-interface/node_modules/@walletconnect/utils/dist/index.cjs.js:11:7)
    at Runtime._execModule (/Users/georgykrasulya/workspace/gmx-interface/node_modules/jest-runtime/build/index.js:1646:24)
    at Runtime._loadModule (/Users/georgykrasulya/workspace/gmx-interface/node_modules/jest-runtime/build/index.js:1185:12)
    at Runtime.requireModule (/Users/georgykrasulya/workspace/gmx-interface/node_modules/jest-runtime/build/index.js:1009:12)
    at Runtime.requireModuleOrMock (/Users/georgykrasulya/workspace/gmx-interface/node_modules/jest-runtime/build/index.js:1210:21)
    at Object.<anonymous> (/Users/georgykrasulya/workspace/gmx-interface/node_modules/@walletconnect/ethereum-provider/dist/index.cjs.js:7:7)
    at Runtime._execModule (/Users/georgykrasulya/workspace/gmx-interface/node_modules/jest-runtime/build/index.js:1646:24)
    at Runtime._loadModule (/Users/georgykrasulya/workspace/gmx-interface/node_modules/jest-runtime/build/index.js:1185:12)
    at Runtime.requireModule (/Users/georgykrasulya/workspace/gmx-interface/node_modules/jest-runtime/build/index.js:1009:12)
    at Runtime.requireModuleOrMock (/Users/georgykrasulya/workspace/gmx-interface/node_modules/jest-runtime/build/index.js:1210:21)
    at /Users/georgykrasulya/workspace/gmx-interface/node_modules/@wagmi/connectors/dist/walletConnect.js:233:80
    at processTicksAndRejections (node:internal/process/task_queues:96:5)
    at WalletConnectConnector.initProvider_fn (/Users/georgykrasulya/workspace/gmx-interface/node_modules/@wagmi/connectors/dist/walletConnect.js:233:7)
/Users/georgykrasulya/workspace/gmx-interface/node_modules/uint8arrays/cjs/src/util/bases.js:43
  hex: basics.bases.base16,
                    ^

TypeError: Cannot read properties of undefined (reading 'base16')
    at Object.<anonymous> (/Users/georgykrasulya/workspace/gmx-interface/node_modules/uint8arrays/cjs/src/util/bases.js:43:21)
    at Runtime._execModule (/Users/georgykrasulya/workspace/gmx-interface/node_modules/jest-runtime/build/index.js:1646:24)
    at Runtime._loadModule (/Users/georgykrasulya/workspace/gmx-interface/node_modules/jest-runtime/build/index.js:1185:12)
    at Runtime.requireModule (/Users/georgykrasulya/workspace/gmx-interface/node_modules/jest-runtime/build/index.js:1009:12)
    at Runtime.requireModuleOrMock (/Users/georgykrasulya/workspace/gmx-interface/node_modules/jest-runtime/build/index.js:1210:21)
    at Object.<anonymous> (/Users/georgykrasulya/workspace/gmx-interface/node_modules/uint8arrays/cjs/src/from-string.js:6:13)
    at Runtime._execModule (/Users/georgykrasulya/workspace/gmx-interface/node_modules/jest-runtime/build/index.js:1646:24)
    at Runtime._loadModule (/Users/georgykrasulya/workspace/gmx-interface/node_modules/jest-runtime/build/index.js:1185:12)
    at Runtime.requireModule (/Users/georgykrasulya/workspace/gmx-interface/node_modules/jest-runtime/build/index.js:1009:12)
    at Runtime.requireModuleOrMock (/Users/georgykrasulya/workspace/gmx-interface/node_modules/jest-runtime/build/index.js:1210:21)
    at Object.<anonymous> (/Users/georgykrasulya/workspace/gmx-interface/node_modules/uint8arrays/cjs/src/index.js:9:18)
    at Runtime._execModule (/Users/georgykrasulya/workspace/gmx-interface/node_modules/jest-runtime/build/index.js:1646:24)
    at Runtime._loadModule (/Users/georgykrasulya/workspace/gmx-interface/node_modules/jest-runtime/build/index.js:1185:12)
    at Runtime.requireModule (/Users/georgykrasulya/workspace/gmx-interface/node_modules/jest-runtime/build/index.js:1009:12)
    at Runtime.requireModuleOrMock (/Users/georgykrasulya/workspace/gmx-interface/node_modules/jest-runtime/build/index.js:1210:21)
    at Object.<anonymous> (/Users/georgykrasulya/workspace/gmx-interface/node_modules/@walletconnect/utils/dist/index.cjs.js:11:7)
    at Runtime._execModule (/Users/georgykrasulya/workspace/gmx-interface/node_modules/jest-runtime/build/index.js:1646:24)
    at Runtime._loadModule (/Users/georgykrasulya/workspace/gmx-interface/node_modules/jest-runtime/build/index.js:1185:12)
    at Runtime.requireModule (/Users/georgykrasulya/workspace/gmx-interface/node_modules/jest-runtime/build/index.js:1009:12)
    at Runtime.requireModuleOrMock (/Users/georgykrasulya/workspace/gmx-interface/node_modules/jest-runtime/build/index.js:1210:21)
    at Object.<anonymous> (/Users/georgykrasulya/workspace/gmx-interface/node_modules/@walletconnect/ethereum-provider/dist/index.cjs.js:7:7)
    at Runtime._execModule (/Users/georgykrasulya/workspace/gmx-interface/node_modules/jest-runtime/build/index.js:1646:24)
    at Runtime._loadModule (/Users/georgykrasulya/workspace/gmx-interface/node_modules/jest-runtime/build/index.js:1185:12)
    at Runtime.requireModule (/Users/georgykrasulya/workspace/gmx-interface/node_modules/jest-runtime/build/index.js:1009:12)
    at Runtime.requireModuleOrMock (/Users/georgykrasulya/workspace/gmx-interface/node_modules/jest-runtime/build/index.js:1210:21)
    at /Users/georgykrasulya/workspace/gmx-interface/node_modules/@wagmi/connectors/dist/walletConnect.js:233:80
    at processTicksAndRejections (node:internal/process/task_queues:96:5)
    at WalletConnectConnector.initProvider_fn (/Users/georgykrasulya/workspace/gmx-interface/node_modules/@wagmi/connectors/dist/walletConnect.js:233:7)
/Users/georgykrasulya/workspace/gmx-interface/node_modules/uint8arrays/cjs/src/util/bases.js:43
  hex: basics.bases.base16,
                    ^

TypeError: Cannot read properties of undefined (reading 'base16')
    at Object.<anonymous> (/Users/georgykrasulya/workspace/gmx-interface/node_modules/uint8arrays/cjs/src/util/bases.js:43:21)
    at Runtime._execModule (/Users/georgykrasulya/workspace/gmx-interface/node_modules/jest-runtime/build/index.js:1646:24)
    at Runtime._loadModule (/Users/georgykrasulya/workspace/gmx-interface/node_modules/jest-runtime/build/index.js:1185:12)
    at Runtime.requireModule (/Users/georgykrasulya/workspace/gmx-interface/node_modules/jest-runtime/build/index.js:1009:12)
    at Runtime.requireModuleOrMock (/Users/georgykrasulya/workspace/gmx-interface/node_modules/jest-runtime/build/index.js:1210:21)
    at Object.<anonymous> (/Users/georgykrasulya/workspace/gmx-interface/node_modules/uint8arrays/cjs/src/from-string.js:6:13)
    at Runtime._execModule (/Users/georgykrasulya/workspace/gmx-interface/node_modules/jest-runtime/build/index.js:1646:24)
    at Runtime._loadModule (/Users/georgykrasulya/workspace/gmx-interface/node_modules/jest-runtime/build/index.js:1185:12)
    at Runtime.requireModule (/Users/georgykrasulya/workspace/gmx-interface/node_modules/jest-runtime/build/index.js:1009:12)
    at Runtime.requireModuleOrMock (/Users/georgykrasulya/workspace/gmx-interface/node_modules/jest-runtime/build/index.js:1210:21)
    at Object.<anonymous> (/Users/georgykrasulya/workspace/gmx-interface/node_modules/uint8arrays/cjs/src/index.js:9:18)
    at Runtime._execModule (/Users/georgykrasulya/workspace/gmx-interface/node_modules/jest-runtime/build/index.js:1646:24)
    at Runtime._loadModule (/Users/georgykrasulya/workspace/gmx-interface/node_modules/jest-runtime/build/index.js:1185:12)
    at Runtime.requireModule (/Users/georgykrasulya/workspace/gmx-interface/node_modules/jest-runtime/build/index.js:1009:12)
    at Runtime.requireModuleOrMock (/Users/georgykrasulya/workspace/gmx-interface/node_modules/jest-runtime/build/index.js:1210:21)
    at Object.<anonymous> (/Users/georgykrasulya/workspace/gmx-interface/node_modules/@walletconnect/utils/dist/index.cjs.js:11:7)
    at Runtime._execModule (/Users/georgykrasulya/workspace/gmx-interface/node_modules/jest-runtime/build/index.js:1646:24)
    at Runtime._loadModule (/Users/georgykrasulya/workspace/gmx-interface/node_modules/jest-runtime/build/index.js:1185:12)
    at Runtime.requireModule (/Users/georgykrasulya/workspace/gmx-interface/node_modules/jest-runtime/build/index.js:1009:12)
    at Runtime.requireModuleOrMock (/Users/georgykrasulya/workspace/gmx-interface/node_modules/jest-runtime/build/index.js:1210:21)
    at Object.<anonymous> (/Users/georgykrasulya/workspace/gmx-interface/node_modules/@walletconnect/ethereum-provider/dist/index.cjs.js:7:7)
    at Runtime._execModule (/Users/georgykrasulya/workspace/gmx-interface/node_modules/jest-runtime/build/index.js:1646:24)
    at Runtime._loadModule (/Users/georgykrasulya/workspace/gmx-interface/node_modules/jest-runtime/build/index.js:1185:12)
    at Runtime.requireModule (/Users/georgykrasulya/workspace/gmx-interface/node_modules/jest-runtime/build/index.js:1009:12)
    at Runtime.requireModuleOrMock (/Users/georgykrasulya/workspace/gmx-interface/node_modules/jest-runtime/build/index.js:1210:21)
    at /Users/georgykrasulya/workspace/gmx-interface/node_modules/@wagmi/connectors/dist/walletConnect.js:233:80
    at processTicksAndRejections (node:internal/process/task_queues:96:5)
    at WalletConnectConnector.initProvider_fn (/Users/georgykrasulya/workspace/gmx-interface/node_modules/@wagmi/connectors/dist/walletConnect.js:233:7)
/Users/georgykrasulya/workspace/gmx-interface/node_modules/uint8arrays/cjs/src/util/bases.js:43
  hex: basics.bases.base16,
                    ^

TypeError: Cannot read properties of undefined (reading 'base16')
    at Object.<anonymous> (/Users/georgykrasulya/workspace/gmx-interface/node_modules/uint8arrays/cjs/src/util/bases.js:43:21)
    at Runtime._execModule (/Users/georgykrasulya/workspace/gmx-interface/node_modules/jest-runtime/build/index.js:1646:24)
    at Runtime._loadModule (/Users/georgykrasulya/workspace/gmx-interface/node_modules/jest-runtime/build/index.js:1185:12)
    at Runtime.requireModule (/Users/georgykrasulya/workspace/gmx-interface/node_modules/jest-runtime/build/index.js:1009:12)
    at Runtime.requireModuleOrMock (/Users/georgykrasulya/workspace/gmx-interface/node_modules/jest-runtime/build/index.js:1210:21)
    at Object.<anonymous> (/Users/georgykrasulya/workspace/gmx-interface/node_modules/uint8arrays/cjs/src/from-string.js:6:13)
    at Runtime._execModule (/Users/georgykrasulya/workspace/gmx-interface/node_modules/jest-runtime/build/index.js:1646:24)
    at Runtime._loadModule (/Users/georgykrasulya/workspace/gmx-interface/node_modules/jest-runtime/build/index.js:1185:12)
    at Runtime.requireModule (/Users/georgykrasulya/workspace/gmx-interface/node_modules/jest-runtime/build/index.js:1009:12)
    at Runtime.requireModuleOrMock (/Users/georgykrasulya/workspace/gmx-interface/node_modules/jest-runtime/build/index.js:1210:21)
    at Object.<anonymous> (/Users/georgykrasulya/workspace/gmx-interface/node_modules/uint8arrays/cjs/src/index.js:9:18)
    at Runtime._execModule (/Users/georgykrasulya/workspace/gmx-interface/node_modules/jest-runtime/build/index.js:1646:24)
    at Runtime._loadModule (/Users/georgykrasulya/workspace/gmx-interface/node_modules/jest-runtime/build/index.js:1185:12)
    at Runtime.requireModule (/Users/georgykrasulya/workspace/gmx-interface/node_modules/jest-runtime/build/index.js:1009:12)
    at Runtime.requireModuleOrMock (/Users/georgykrasulya/workspace/gmx-interface/node_modules/jest-runtime/build/index.js:1210:21)
    at Object.<anonymous> (/Users/georgykrasulya/workspace/gmx-interface/node_modules/@walletconnect/utils/dist/index.cjs.js:11:7)
    at Runtime._execModule (/Users/georgykrasulya/workspace/gmx-interface/node_modules/jest-runtime/build/index.js:1646:24)
    at Runtime._loadModule (/Users/georgykrasulya/workspace/gmx-interface/node_modules/jest-runtime/build/index.js:1185:12)
    at Runtime.requireModule (/Users/georgykrasulya/workspace/gmx-interface/node_modules/jest-runtime/build/index.js:1009:12)
    at Runtime.requireModuleOrMock (/Users/georgykrasulya/workspace/gmx-interface/node_modules/jest-runtime/build/index.js:1210:21)
    at Object.<anonymous> (/Users/georgykrasulya/workspace/gmx-interface/node_modules/@walletconnect/ethereum-provider/dist/index.cjs.js:7:7)
    at Runtime._execModule (/Users/georgykrasulya/workspace/gmx-interface/node_modules/jest-runtime/build/index.js:1646:24)
    at Runtime._loadModule (/Users/georgykrasulya/workspace/gmx-interface/node_modules/jest-runtime/build/index.js:1185:12)
    at Runtime.requireModule (/Users/georgykrasulya/workspace/gmx-interface/node_modules/jest-runtime/build/index.js:1009:12)
    at Runtime.requireModuleOrMock (/Users/georgykrasulya/workspace/gmx-interface/node_modules/jest-runtime/build/index.js:1210:21)
    at /Users/georgykrasulya/workspace/gmx-interface/node_modules/@wagmi/connectors/dist/walletConnect.js:233:80
    at processTicksAndRejections (node:internal/process/task_queues:96:5)
    at WalletConnectConnector.initProvider_fn (/Users/georgykrasulya/workspace/gmx-interface/node_modules/@wagmi/connectors/dist/walletConnect.js:233:7)
/Users/georgykrasulya/workspace/gmx-interface/node_modules/uint8arrays/cjs/src/util/bases.js:43
  hex: basics.bases.base16,
                    ^

TypeError: Cannot read properties of undefined (reading 'base16')
    at Object.<anonymous> (/Users/georgykrasulya/workspace/gmx-interface/node_modules/uint8arrays/cjs/src/util/bases.js:43:21)
    at Runtime._execModule (/Users/georgykrasulya/workspace/gmx-interface/node_modules/jest-runtime/build/index.js:1646:24)
    at Runtime._loadModule (/Users/georgykrasulya/workspace/gmx-interface/node_modules/jest-runtime/build/index.js:1185:12)
    at Runtime.requireModule (/Users/georgykrasulya/workspace/gmx-interface/node_modules/jest-runtime/build/index.js:1009:12)
    at Runtime.requireModuleOrMock (/Users/georgykrasulya/workspace/gmx-interface/node_modules/jest-runtime/build/index.js:1210:21)
    at Object.<anonymous> (/Users/georgykrasulya/workspace/gmx-interface/node_modules/uint8arrays/cjs/src/from-string.js:6:13)
    at Runtime._execModule (/Users/georgykrasulya/workspace/gmx-interface/node_modules/jest-runtime/build/index.js:1646:24)
    at Runtime._loadModule (/Users/georgykrasulya/workspace/gmx-interface/node_modules/jest-runtime/build/index.js:1185:12)
    at Runtime.requireModule (/Users/georgykrasulya/workspace/gmx-interface/node_modules/jest-runtime/build/index.js:1009:12)
    at Runtime.requireModuleOrMock (/Users/georgykrasulya/workspace/gmx-interface/node_modules/jest-runtime/build/index.js:1210:21)
    at Object.<anonymous> (/Users/georgykrasulya/workspace/gmx-interface/node_modules/uint8arrays/cjs/src/index.js:9:18)
    at Runtime._execModule (/Users/georgykrasulya/workspace/gmx-interface/node_modules/jest-runtime/build/index.js:1646:24)
    at Runtime._loadModule (/Users/georgykrasulya/workspace/gmx-interface/node_modules/jest-runtime/build/index.js:1185:12)
    at Runtime.requireModule (/Users/georgykrasulya/workspace/gmx-interface/node_modules/jest-runtime/build/index.js:1009:12)
    at Runtime.requireModuleOrMock (/Users/georgykrasulya/workspace/gmx-interface/node_modules/jest-runtime/build/index.js:1210:21)
    at Object.<anonymous> (/Users/georgykrasulya/workspace/gmx-interface/node_modules/@walletconnect/utils/dist/index.cjs.js:11:7)
    at Runtime._execModule (/Users/georgykrasulya/workspace/gmx-interface/node_modules/jest-runtime/build/index.js:1646:24)
    at Runtime._loadModule (/Users/georgykrasulya/workspace/gmx-interface/node_modules/jest-runtime/build/index.js:1185:12)
    at Runtime.requireModule (/Users/georgykrasulya/workspace/gmx-interface/node_modules/jest-runtime/build/index.js:1009:12)
    at Runtime.requireModuleOrMock (/Users/georgykrasulya/workspace/gmx-interface/node_modules/jest-runtime/build/index.js:1210:21)
    at Object.<anonymous> (/Users/georgykrasulya/workspace/gmx-interface/node_modules/@walletconnect/ethereum-provider/dist/index.cjs.js:7:7)
    at Runtime._execModule (/Users/georgykrasulya/workspace/gmx-interface/node_modules/jest-runtime/build/index.js:1646:24)
    at Runtime._loadModule (/Users/georgykrasulya/workspace/gmx-interface/node_modules/jest-runtime/build/index.js:1185:12)
    at Runtime.requireModule (/Users/georgykrasulya/workspace/gmx-interface/node_modules/jest-runtime/build/index.js:1009:12)
    at Runtime.requireModuleOrMock (/Users/georgykrasulya/workspace/gmx-interface/node_modules/jest-runtime/build/index.js:1210:21)
    at /Users/georgykrasulya/workspace/gmx-interface/node_modules/@wagmi/connectors/dist/walletConnect.js:233:80
    at processTicksAndRejections (node:internal/process/task_queues:96:5)
    at WalletConnectConnector.initProvider_fn (/Users/georgykrasulya/workspace/gmx-interface/node_modules/@wagmi/connectors/dist/walletConnect.js:233:7)
/Users/georgykrasulya/workspace/gmx-interface/node_modules/uint8arrays/cjs/src/util/bases.js:43
  hex: basics.bases.base16,
                    ^

TypeError: Cannot read properties of undefined (reading 'base16')
    at Object.<anonymous> (/Users/georgykrasulya/workspace/gmx-interface/node_modules/uint8arrays/cjs/src/util/bases.js:43:21)
    at Runtime._execModule (/Users/georgykrasulya/workspace/gmx-interface/node_modules/jest-runtime/build/index.js:1646:24)
    at Runtime._loadModule (/Users/georgykrasulya/workspace/gmx-interface/node_modules/jest-runtime/build/index.js:1185:12)
    at Runtime.requireModule (/Users/georgykrasulya/workspace/gmx-interface/node_modules/jest-runtime/build/index.js:1009:12)
    at Runtime.requireModuleOrMock (/Users/georgykrasulya/workspace/gmx-interface/node_modules/jest-runtime/build/index.js:1210:21)
    at Object.<anonymous> (/Users/georgykrasulya/workspace/gmx-interface/node_modules/uint8arrays/cjs/src/from-string.js:6:13)
    at Runtime._execModule (/Users/georgykrasulya/workspace/gmx-interface/node_modules/jest-runtime/build/index.js:1646:24)
    at Runtime._loadModule (/Users/georgykrasulya/workspace/gmx-interface/node_modules/jest-runtime/build/index.js:1185:12)
    at Runtime.requireModule (/Users/georgykrasulya/workspace/gmx-interface/node_modules/jest-runtime/build/index.js:1009:12)
    at Runtime.requireModuleOrMock (/Users/georgykrasulya/workspace/gmx-interface/node_modules/jest-runtime/build/index.js:1210:21)
    at Object.<anonymous> (/Users/georgykrasulya/workspace/gmx-interface/node_modules/uint8arrays/cjs/src/index.js:9:18)
    at Runtime._execModule (/Users/georgykrasulya/workspace/gmx-interface/node_modules/jest-runtime/build/index.js:1646:24)
    at Runtime._loadModule (/Users/georgykrasulya/workspace/gmx-interface/node_modules/jest-runtime/build/index.js:1185:12)
    at Runtime.requireModule (/Users/georgykrasulya/workspace/gmx-interface/node_modules/jest-runtime/build/index.js:1009:12)
    at Runtime.requireModuleOrMock (/Users/georgykrasulya/workspace/gmx-interface/node_modules/jest-runtime/build/index.js:1210:21)
    at Object.<anonymous> (/Users/georgykrasulya/workspace/gmx-interface/node_modules/@walletconnect/utils/dist/index.cjs.js:11:7)
    at Runtime._execModule (/Users/georgykrasulya/workspace/gmx-interface/node_modules/jest-runtime/build/index.js:1646:24)
    at Runtime._loadModule (/Users/georgykrasulya/workspace/gmx-interface/node_modules/jest-runtime/build/index.js:1185:12)
    at Runtime.requireModule (/Users/georgykrasulya/workspace/gmx-interface/node_modules/jest-runtime/build/index.js:1009:12)
    at Runtime.requireModuleOrMock (/Users/georgykrasulya/workspace/gmx-interface/node_modules/jest-runtime/build/index.js:1210:21)
    at Object.<anonymous> (/Users/georgykrasulya/workspace/gmx-interface/node_modules/@walletconnect/ethereum-provider/dist/index.cjs.js:7:7)
    at Runtime._execModule (/Users/georgykrasulya/workspace/gmx-interface/node_modules/jest-runtime/build/index.js:1646:24)
    at Runtime._loadModule (/Users/georgykrasulya/workspace/gmx-interface/node_modules/jest-runtime/build/index.js:1185:12)
    at Runtime.requireModule (/Users/georgykrasulya/workspace/gmx-interface/node_modules/jest-runtime/build/index.js:1009:12)
    at Runtime.requireModuleOrMock (/Users/georgykrasulya/workspace/gmx-interface/node_modules/jest-runtime/build/index.js:1210:21)
    at /Users/georgykrasulya/workspace/gmx-interface/node_modules/@wagmi/connectors/dist/walletConnect.js:233:80
    at processTicksAndRejections (node:internal/process/task_queues:96:5)
    at WalletConnectConnector.initProvider_fn (/Users/georgykrasulya/workspace/gmx-interface/node_modules/@wagmi/connectors/dist/walletConnect.js:233:7)
FAIL src/lib/__tests__/getLiquidationPrice.spec.ts
  ● Test suite failed to run

    Jest worker encountered 4 child process exceptions, exceeding retry limit

      at ChildProcessWorker.initialize (node_modules/jest-worker/build/workers/ChildProcessWorker.js:185:21)

/Users/georgykrasulya/workspace/gmx-interface/node_modules/uint8arrays/cjs/src/util/bases.js:43
  hex: basics.bases.base16,
                    ^

TypeError: Cannot read properties of undefined (reading 'base16')
    at Object.<anonymous> (/Users/georgykrasulya/workspace/gmx-interface/node_modules/uint8arrays/cjs/src/util/bases.js:43:21)
    at Runtime._execModule (/Users/georgykrasulya/workspace/gmx-interface/node_modules/jest-runtime/build/index.js:1646:24)
    at Runtime._loadModule (/Users/georgykrasulya/workspace/gmx-interface/node_modules/jest-runtime/build/index.js:1185:12)
    at Runtime.requireModule (/Users/georgykrasulya/workspace/gmx-interface/node_modules/jest-runtime/build/index.js:1009:12)
    at Runtime.requireModuleOrMock (/Users/georgykrasulya/workspace/gmx-interface/node_modules/jest-runtime/build/index.js:1210:21)
    at Object.<anonymous> (/Users/georgykrasulya/workspace/gmx-interface/node_modules/uint8arrays/cjs/src/from-string.js:6:13)
    at Runtime._execModule (/Users/georgykrasulya/workspace/gmx-interface/node_modules/jest-runtime/build/index.js:1646:24)
    at Runtime._loadModule (/Users/georgykrasulya/workspace/gmx-interface/node_modules/jest-runtime/build/index.js:1185:12)
    at Runtime.requireModule (/Users/georgykrasulya/workspace/gmx-interface/node_modules/jest-runtime/build/index.js:1009:12)
    at Runtime.requireModuleOrMock (/Users/georgykrasulya/workspace/gmx-interface/node_modules/jest-runtime/build/index.js:1210:21)
    at Object.<anonymous> (/Users/georgykrasulya/workspace/gmx-interface/node_modules/uint8arrays/cjs/src/index.js:9:18)
    at Runtime._execModule (/Users/georgykrasulya/workspace/gmx-interface/node_modules/jest-runtime/build/index.js:1646:24)
    at Runtime._loadModule (/Users/georgykrasulya/workspace/gmx-interface/node_modules/jest-runtime/build/index.js:1185:12)
    at Runtime.requireModule (/Users/georgykrasulya/workspace/gmx-interface/node_modules/jest-runtime/build/index.js:1009:12)
    at Runtime.requireModuleOrMock (/Users/georgykrasulya/workspace/gmx-interface/node_modules/jest-runtime/build/index.js:1210:21)
    at Object.<anonymous> (/Users/georgykrasulya/workspace/gmx-interface/node_modules/@walletconnect/utils/dist/index.cjs.js:11:7)
    at Runtime._execModule (/Users/georgykrasulya/workspace/gmx-interface/node_modules/jest-runtime/build/index.js:1646:24)
    at Runtime._loadModule (/Users/georgykrasulya/workspace/gmx-interface/node_modules/jest-runtime/build/index.js:1185:12)
    at Runtime.requireModule (/Users/georgykrasulya/workspace/gmx-interface/node_modules/jest-runtime/build/index.js:1009:12)
    at Runtime.requireModuleOrMock (/Users/georgykrasulya/workspace/gmx-interface/node_modules/jest-runtime/build/index.js:1210:21)
    at Object.<anonymous> (/Users/georgykrasulya/workspace/gmx-interface/node_modules/@walletconnect/ethereum-provider/dist/index.cjs.js:7:7)
    at Runtime._execModule (/Users/georgykrasulya/workspace/gmx-interface/node_modules/jest-runtime/build/index.js:1646:24)
    at Runtime._loadModule (/Users/georgykrasulya/workspace/gmx-interface/node_modules/jest-runtime/build/index.js:1185:12)
    at Runtime.requireModule (/Users/georgykrasulya/workspace/gmx-interface/node_modules/jest-runtime/build/index.js:1009:12)
    at Runtime.requireModuleOrMock (/Users/georgykrasulya/workspace/gmx-interface/node_modules/jest-runtime/build/index.js:1210:21)
    at /Users/georgykrasulya/workspace/gmx-interface/node_modules/@wagmi/connectors/dist/walletConnect.js:233:80
    at processTicksAndRejections (node:internal/process/task_queues:96:5)
    at WalletConnectConnector.initProvider_fn (/Users/georgykrasulya/workspace/gmx-interface/node_modules/@wagmi/connectors/dist/walletConnect.js:233:7)
FAIL src/domain/synthetics/__tests__/routing/swapPath.spec.ts
  ● Test suite failed to run

    Jest worker encountered 4 child process exceptions, exceeding retry limit

      at ChildProcessWorker.initialize (node_modules/jest-worker/build/workers/ChildProcessWorker.js:185:21)

/Users/georgykrasulya/workspace/gmx-interface/node_modules/uint8arrays/cjs/src/util/bases.js:43
  hex: basics.bases.base16,
                    ^

TypeError: Cannot read properties of undefined (reading 'base16')
    at Object.<anonymous> (/Users/georgykrasulya/workspace/gmx-interface/node_modules/uint8arrays/cjs/src/util/bases.js:43:21)
    at Runtime._execModule (/Users/georgykrasulya/workspace/gmx-interface/node_modules/jest-runtime/build/index.js:1646:24)
    at Runtime._loadModule (/Users/georgykrasulya/workspace/gmx-interface/node_modules/jest-runtime/build/index.js:1185:12)
    at Runtime.requireModule (/Users/georgykrasulya/workspace/gmx-interface/node_modules/jest-runtime/build/index.js:1009:12)
    at Runtime.requireModuleOrMock (/Users/georgykrasulya/workspace/gmx-interface/node_modules/jest-runtime/build/index.js:1210:21)
    at Object.<anonymous> (/Users/georgykrasulya/workspace/gmx-interface/node_modules/uint8arrays/cjs/src/from-string.js:6:13)
    at Runtime._execModule (/Users/georgykrasulya/workspace/gmx-interface/node_modules/jest-runtime/build/index.js:1646:24)
    at Runtime._loadModule (/Users/georgykrasulya/workspace/gmx-interface/node_modules/jest-runtime/build/index.js:1185:12)
    at Runtime.requireModule (/Users/georgykrasulya/workspace/gmx-interface/node_modules/jest-runtime/build/index.js:1009:12)
    at Runtime.requireModuleOrMock (/Users/georgykrasulya/workspace/gmx-interface/node_modules/jest-runtime/build/index.js:1210:21)
    at Object.<anonymous> (/Users/georgykrasulya/workspace/gmx-interface/node_modules/uint8arrays/cjs/src/index.js:9:18)
    at Runtime._execModule (/Users/georgykrasulya/workspace/gmx-interface/node_modules/jest-runtime/build/index.js:1646:24)
    at Runtime._loadModule (/Users/georgykrasulya/workspace/gmx-interface/node_modules/jest-runtime/build/index.js:1185:12)
    at Runtime.requireModule (/Users/georgykrasulya/workspace/gmx-interface/node_modules/jest-runtime/build/index.js:1009:12)
    at Runtime.requireModuleOrMock (/Users/georgykrasulya/workspace/gmx-interface/node_modules/jest-runtime/build/index.js:1210:21)
    at Object.<anonymous> (/Users/georgykrasulya/workspace/gmx-interface/node_modules/@walletconnect/utils/dist/index.cjs.js:11:7)
    at Runtime._execModule (/Users/georgykrasulya/workspace/gmx-interface/node_modules/jest-runtime/build/index.js:1646:24)
    at Runtime._loadModule (/Users/georgykrasulya/workspace/gmx-interface/node_modules/jest-runtime/build/index.js:1185:12)
    at Runtime.requireModule (/Users/georgykrasulya/workspace/gmx-interface/node_modules/jest-runtime/build/index.js:1009:12)
    at Runtime.requireModuleOrMock (/Users/georgykrasulya/workspace/gmx-interface/node_modules/jest-runtime/build/index.js:1210:21)
    at Object.<anonymous> (/Users/georgykrasulya/workspace/gmx-interface/node_modules/@walletconnect/ethereum-provider/dist/index.cjs.js:7:7)
    at Runtime._execModule (/Users/georgykrasulya/workspace/gmx-interface/node_modules/jest-runtime/build/index.js:1646:24)
    at Runtime._loadModule (/Users/georgykrasulya/workspace/gmx-interface/node_modules/jest-runtime/build/index.js:1185:12)
    at Runtime.requireModule (/Users/georgykrasulya/workspace/gmx-interface/node_modules/jest-runtime/build/index.js:1009:12)
    at Runtime.requireModuleOrMock (/Users/georgykrasulya/workspace/gmx-interface/node_modules/jest-runtime/build/index.js:1210:21)
    at /Users/georgykrasulya/workspace/gmx-interface/node_modules/@wagmi/connectors/dist/walletConnect.js:233:80
    at processTicksAndRejections (node:internal/process/task_queues:96:5)
    at WalletConnectConnector.initProvider_fn (/Users/georgykrasulya/workspace/gmx-interface/node_modules/@wagmi/connectors/dist/walletConnect.js:233:7)
FAIL src/components/Synthetics/TradeHistoryRow/utils.spec.ts
  ● Test suite failed to run

    Jest worker encountered 4 child process exceptions, exceeding retry limit

      at ChildProcessWorker.initialize (node_modules/jest-worker/build/workers/ChildProcessWorker.js:185:21)

/Users/georgykrasulya/workspace/gmx-interface/node_modules/uint8arrays/cjs/src/util/bases.js:43
  hex: basics.bases.base16,
                    ^

TypeError: Cannot read properties of undefined (reading 'base16')
    at Object.<anonymous> (/Users/georgykrasulya/workspace/gmx-interface/node_modules/uint8arrays/cjs/src/util/bases.js:43:21)
    at Runtime._execModule (/Users/georgykrasulya/workspace/gmx-interface/node_modules/jest-runtime/build/index.js:1646:24)
    at Runtime._loadModule (/Users/georgykrasulya/workspace/gmx-interface/node_modules/jest-runtime/build/index.js:1185:12)
    at Runtime.requireModule (/Users/georgykrasulya/workspace/gmx-interface/node_modules/jest-runtime/build/index.js:1009:12)
    at Runtime.requireModuleOrMock (/Users/georgykrasulya/workspace/gmx-interface/node_modules/jest-runtime/build/index.js:1210:21)
    at Object.<anonymous> (/Users/georgykrasulya/workspace/gmx-interface/node_modules/uint8arrays/cjs/src/from-string.js:6:13)
    at Runtime._execModule (/Users/georgykrasulya/workspace/gmx-interface/node_modules/jest-runtime/build/index.js:1646:24)
    at Runtime._loadModule (/Users/georgykrasulya/workspace/gmx-interface/node_modules/jest-runtime/build/index.js:1185:12)
    at Runtime.requireModule (/Users/georgykrasulya/workspace/gmx-interface/node_modules/jest-runtime/build/index.js:1009:12)
    at Runtime.requireModuleOrMock (/Users/georgykrasulya/workspace/gmx-interface/node_modules/jest-runtime/build/index.js:1210:21)
    at Object.<anonymous> (/Users/georgykrasulya/workspace/gmx-interface/node_modules/uint8arrays/cjs/src/index.js:9:18)
    at Runtime._execModule (/Users/georgykrasulya/workspace/gmx-interface/node_modules/jest-runtime/build/index.js:1646:24)
    at Runtime._loadModule (/Users/georgykrasulya/workspace/gmx-interface/node_modules/jest-runtime/build/index.js:1185:12)
    at Runtime.requireModule (/Users/georgykrasulya/workspace/gmx-interface/node_modules/jest-runtime/build/index.js:1009:12)
    at Runtime.requireModuleOrMock (/Users/georgykrasulya/workspace/gmx-interface/node_modules/jest-runtime/build/index.js:1210:21)
    at Object.<anonymous> (/Users/georgykrasulya/workspace/gmx-interface/node_modules/@walletconnect/utils/dist/index.cjs.js:11:7)
    at Runtime._execModule (/Users/georgykrasulya/workspace/gmx-interface/node_modules/jest-runtime/build/index.js:1646:24)
    at Runtime._loadModule (/Users/georgykrasulya/workspace/gmx-interface/node_modules/jest-runtime/build/index.js:1185:12)
    at Runtime.requireModule (/Users/georgykrasulya/workspace/gmx-interface/node_modules/jest-runtime/build/index.js:1009:12)
    at Runtime.requireModuleOrMock (/Users/georgykrasulya/workspace/gmx-interface/node_modules/jest-runtime/build/index.js:1210:21)
    at Object.<anonymous> (/Users/georgykrasulya/workspace/gmx-interface/node_modules/@walletconnect/ethereum-provider/dist/index.cjs.js:7:7)
    at Runtime._execModule (/Users/georgykrasulya/workspace/gmx-interface/node_modules/jest-runtime/build/index.js:1646:24)
    at Runtime._loadModule (/Users/georgykrasulya/workspace/gmx-interface/node_modules/jest-runtime/build/index.js:1185:12)
    at Runtime.requireModule (/Users/georgykrasulya/workspace/gmx-interface/node_modules/jest-runtime/build/index.js:1009:12)
    at Runtime.requireModuleOrMock (/Users/georgykrasulya/workspace/gmx-interface/node_modules/jest-runtime/build/index.js:1210:21)
    at /Users/georgykrasulya/workspace/gmx-interface/node_modules/@wagmi/connectors/dist/walletConnect.js:233:80
    at processTicksAndRejections (node:internal/process/task_queues:96:5)
    at WalletConnectConnector.initProvider_fn (/Users/georgykrasulya/workspace/gmx-interface/node_modules/@wagmi/connectors/dist/walletConnect.js:233:7)
FAIL src/domain/synthetics/__tests__/fees/priceImpact.spec.ts
  ● Test suite failed to run

    Jest worker encountered 4 child process exceptions, exceeding retry limit

      at ChildProcessWorker.initialize (node_modules/jest-worker/build/workers/ChildProcessWorker.js:185:21)

/Users/georgykrasulya/workspace/gmx-interface/node_modules/uint8arrays/cjs/src/util/bases.js:43
  hex: basics.bases.base16,
                    ^

TypeError: Cannot read properties of undefined (reading 'base16')
    at Object.<anonymous> (/Users/georgykrasulya/workspace/gmx-interface/node_modules/uint8arrays/cjs/src/util/bases.js:43:21)
    at Runtime._execModule (/Users/georgykrasulya/workspace/gmx-interface/node_modules/jest-runtime/build/index.js:1646:24)
    at Runtime._loadModule (/Users/georgykrasulya/workspace/gmx-interface/node_modules/jest-runtime/build/index.js:1185:12)
    at Runtime.requireModule (/Users/georgykrasulya/workspace/gmx-interface/node_modules/jest-runtime/build/index.js:1009:12)
    at Runtime.requireModuleOrMock (/Users/georgykrasulya/workspace/gmx-interface/node_modules/jest-runtime/build/index.js:1210:21)
    at Object.<anonymous> (/Users/georgykrasulya/workspace/gmx-interface/node_modules/uint8arrays/cjs/src/from-string.js:6:13)
    at Runtime._execModule (/Users/georgykrasulya/workspace/gmx-interface/node_modules/jest-runtime/build/index.js:1646:24)
    at Runtime._loadModule (/Users/georgykrasulya/workspace/gmx-interface/node_modules/jest-runtime/build/index.js:1185:12)
    at Runtime.requireModule (/Users/georgykrasulya/workspace/gmx-interface/node_modules/jest-runtime/build/index.js:1009:12)
    at Runtime.requireModuleOrMock (/Users/georgykrasulya/workspace/gmx-interface/node_modules/jest-runtime/build/index.js:1210:21)
    at Object.<anonymous> (/Users/georgykrasulya/workspace/gmx-interface/node_modules/uint8arrays/cjs/src/index.js:9:18)
    at Runtime._execModule (/Users/georgykrasulya/workspace/gmx-interface/node_modules/jest-runtime/build/index.js:1646:24)
    at Runtime._loadModule (/Users/georgykrasulya/workspace/gmx-interface/node_modules/jest-runtime/build/index.js:1185:12)
    at Runtime.requireModule (/Users/georgykrasulya/workspace/gmx-interface/node_modules/jest-runtime/build/index.js:1009:12)
    at Runtime.requireModuleOrMock (/Users/georgykrasulya/workspace/gmx-interface/node_modules/jest-runtime/build/index.js:1210:21)
    at Object.<anonymous> (/Users/georgykrasulya/workspace/gmx-interface/node_modules/@walletconnect/utils/dist/index.cjs.js:11:7)
    at Runtime._execModule (/Users/georgykrasulya/workspace/gmx-interface/node_modules/jest-runtime/build/index.js:1646:24)
    at Runtime._loadModule (/Users/georgykrasulya/workspace/gmx-interface/node_modules/jest-runtime/build/index.js:1185:12)
    at Runtime.requireModule (/Users/georgykrasulya/workspace/gmx-interface/node_modules/jest-runtime/build/index.js:1009:12)
    at Runtime.requireModuleOrMock (/Users/georgykrasulya/workspace/gmx-interface/node_modules/jest-runtime/build/index.js:1210:21)
    at Object.<anonymous> (/Users/georgykrasulya/workspace/gmx-interface/node_modules/@walletconnect/ethereum-provider/dist/index.cjs.js:7:7)
    at Runtime._execModule (/Users/georgykrasulya/workspace/gmx-interface/node_modules/jest-runtime/build/index.js:1646:24)
    at Runtime._loadModule (/Users/georgykrasulya/workspace/gmx-interface/node_modules/jest-runtime/build/index.js:1185:12)
    at Runtime.requireModule (/Users/georgykrasulya/workspace/gmx-interface/node_modules/jest-runtime/build/index.js:1009:12)
    at Runtime.requireModuleOrMock (/Users/georgykrasulya/workspace/gmx-interface/node_modules/jest-runtime/build/index.js:1210:21)
    at /Users/georgykrasulya/workspace/gmx-interface/node_modules/@wagmi/connectors/dist/walletConnect.js:233:80
    at processTicksAndRejections (node:internal/process/task_queues:96:5)
    at WalletConnectConnector.initProvider_fn (/Users/georgykrasulya/workspace/gmx-interface/node_modules/@wagmi/connectors/dist/walletConnect.js:233:7)
/Users/georgykrasulya/workspace/gmx-interface/node_modules/uint8arrays/cjs/src/util/bases.js:43
  hex: basics.bases.base16,
                    ^

TypeError: Cannot read properties of undefined (reading 'base16')
    at Object.<anonymous> (/Users/georgykrasulya/workspace/gmx-interface/node_modules/uint8arrays/cjs/src/util/bases.js:43:21)
    at Runtime._execModule (/Users/georgykrasulya/workspace/gmx-interface/node_modules/jest-runtime/build/index.js:1646:24)
    at Runtime._loadModule (/Users/georgykrasulya/workspace/gmx-interface/node_modules/jest-runtime/build/index.js:1185:12)
    at Runtime.requireModule (/Users/georgykrasulya/workspace/gmx-interface/node_modules/jest-runtime/build/index.js:1009:12)
    at Runtime.requireModuleOrMock (/Users/georgykrasulya/workspace/gmx-interface/node_modules/jest-runtime/build/index.js:1210:21)
    at Object.<anonymous> (/Users/georgykrasulya/workspace/gmx-interface/node_modules/uint8arrays/cjs/src/from-string.js:6:13)
    at Runtime._execModule (/Users/georgykrasulya/workspace/gmx-interface/node_modules/jest-runtime/build/index.js:1646:24)
    at Runtime._loadModule (/Users/georgykrasulya/workspace/gmx-interface/node_modules/jest-runtime/build/index.js:1185:12)
    at Runtime.requireModule (/Users/georgykrasulya/workspace/gmx-interface/node_modules/jest-runtime/build/index.js:1009:12)
    at Runtime.requireModuleOrMock (/Users/georgykrasulya/workspace/gmx-interface/node_modules/jest-runtime/build/index.js:1210:21)
    at Object.<anonymous> (/Users/georgykrasulya/workspace/gmx-interface/node_modules/uint8arrays/cjs/src/index.js:9:18)
    at Runtime._execModule (/Users/georgykrasulya/workspace/gmx-interface/node_modules/jest-runtime/build/index.js:1646:24)
    at Runtime._loadModule (/Users/georgykrasulya/workspace/gmx-interface/node_modules/jest-runtime/build/index.js:1185:12)
    at Runtime.requireModule (/Users/georgykrasulya/workspace/gmx-interface/node_modules/jest-runtime/build/index.js:1009:12)
    at Runtime.requireModuleOrMock (/Users/georgykrasulya/workspace/gmx-interface/node_modules/jest-runtime/build/index.js:1210:21)
    at Object.<anonymous> (/Users/georgykrasulya/workspace/gmx-interface/node_modules/@walletconnect/utils/dist/index.cjs.js:11:7)
    at Runtime._execModule (/Users/georgykrasulya/workspace/gmx-interface/node_modules/jest-runtime/build/index.js:1646:24)
    at Runtime._loadModule (/Users/georgykrasulya/workspace/gmx-interface/node_modules/jest-runtime/build/index.js:1185:12)
    at Runtime.requireModule (/Users/georgykrasulya/workspace/gmx-interface/node_modules/jest-runtime/build/index.js:1009:12)
    at Runtime.requireModuleOrMock (/Users/georgykrasulya/workspace/gmx-interface/node_modules/jest-runtime/build/index.js:1210:21)
    at Object.<anonymous> (/Users/georgykrasulya/workspace/gmx-interface/node_modules/@walletconnect/ethereum-provider/dist/index.cjs.js:7:7)
    at Runtime._execModule (/Users/georgykrasulya/workspace/gmx-interface/node_modules/jest-runtime/build/index.js:1646:24)
    at Runtime._loadModule (/Users/georgykrasulya/workspace/gmx-interface/node_modules/jest-runtime/build/index.js:1185:12)
    at Runtime.requireModule (/Users/georgykrasulya/workspace/gmx-interface/node_modules/jest-runtime/build/index.js:1009:12)
    at Runtime.requireModuleOrMock (/Users/georgykrasulya/workspace/gmx-interface/node_modules/jest-runtime/build/index.js:1210:21)
    at /Users/georgykrasulya/workspace/gmx-interface/node_modules/@wagmi/connectors/dist/walletConnect.js:233:80
    at processTicksAndRejections (node:internal/process/task_queues:96:5)
    at WalletConnectConnector.initProvider_fn (/Users/georgykrasulya/workspace/gmx-interface/node_modules/@wagmi/connectors/dist/walletConnect.js:233:7)
/Users/georgykrasulya/workspace/gmx-interface/node_modules/uint8arrays/cjs/src/util/bases.js:43
  hex: basics.bases.base16,
                    ^

TypeError: Cannot read properties of undefined (reading 'base16')
    at Object.<anonymous> (/Users/georgykrasulya/workspace/gmx-interface/node_modules/uint8arrays/cjs/src/util/bases.js:43:21)
    at Runtime._execModule (/Users/georgykrasulya/workspace/gmx-interface/node_modules/jest-runtime/build/index.js:1646:24)
    at Runtime._loadModule (/Users/georgykrasulya/workspace/gmx-interface/node_modules/jest-runtime/build/index.js:1185:12)
    at Runtime.requireModule (/Users/georgykrasulya/workspace/gmx-interface/node_modules/jest-runtime/build/index.js:1009:12)
    at Runtime.requireModuleOrMock (/Users/georgykrasulya/workspace/gmx-interface/node_modules/jest-runtime/build/index.js:1210:21)
    at Object.<anonymous> (/Users/georgykrasulya/workspace/gmx-interface/node_modules/uint8arrays/cjs/src/from-string.js:6:13)
    at Runtime._execModule (/Users/georgykrasulya/workspace/gmx-interface/node_modules/jest-runtime/build/index.js:1646:24)
    at Runtime._loadModule (/Users/georgykrasulya/workspace/gmx-interface/node_modules/jest-runtime/build/index.js:1185:12)
    at Runtime.requireModule (/Users/georgykrasulya/workspace/gmx-interface/node_modules/jest-runtime/build/index.js:1009:12)
    at Runtime.requireModuleOrMock (/Users/georgykrasulya/workspace/gmx-interface/node_modules/jest-runtime/build/index.js:1210:21)
    at Object.<anonymous> (/Users/georgykrasulya/workspace/gmx-interface/node_modules/uint8arrays/cjs/src/index.js:9:18)
    at Runtime._execModule (/Users/georgykrasulya/workspace/gmx-interface/node_modules/jest-runtime/build/index.js:1646:24)
    at Runtime._loadModule (/Users/georgykrasulya/workspace/gmx-interface/node_modules/jest-runtime/build/index.js:1185:12)
    at Runtime.requireModule (/Users/georgykrasulya/workspace/gmx-interface/node_modules/jest-runtime/build/index.js:1009:12)
    at Runtime.requireModuleOrMock (/Users/georgykrasulya/workspace/gmx-interface/node_modules/jest-runtime/build/index.js:1210:21)
    at Object.<anonymous> (/Users/georgykrasulya/workspace/gmx-interface/node_modules/@walletconnect/utils/dist/index.cjs.js:11:7)
    at Runtime._execModule (/Users/georgykrasulya/workspace/gmx-interface/node_modules/jest-runtime/build/index.js:1646:24)
    at Runtime._loadModule (/Users/georgykrasulya/workspace/gmx-interface/node_modules/jest-runtime/build/index.js:1185:12)
    at Runtime.requireModule (/Users/georgykrasulya/workspace/gmx-interface/node_modules/jest-runtime/build/index.js:1009:12)
    at Runtime.requireModuleOrMock (/Users/georgykrasulya/workspace/gmx-interface/node_modules/jest-runtime/build/index.js:1210:21)
    at Object.<anonymous> (/Users/georgykrasulya/workspace/gmx-interface/node_modules/@walletconnect/ethereum-provider/dist/index.cjs.js:7:7)
    at Runtime._execModule (/Users/georgykrasulya/workspace/gmx-interface/node_modules/jest-runtime/build/index.js:1646:24)
    at Runtime._loadModule (/Users/georgykrasulya/workspace/gmx-interface/node_modules/jest-runtime/build/index.js:1185:12)
    at Runtime.requireModule (/Users/georgykrasulya/workspace/gmx-interface/node_modules/jest-runtime/build/index.js:1009:12)
    at Runtime.requireModuleOrMock (/Users/georgykrasulya/workspace/gmx-interface/node_modules/jest-runtime/build/index.js:1210:21)
    at /Users/georgykrasulya/workspace/gmx-interface/node_modules/@wagmi/connectors/dist/walletConnect.js:233:80
    at processTicksAndRejections (node:internal/process/task_queues:96:5)
    at WalletConnectConnector.initProvider_fn (/Users/georgykrasulya/workspace/gmx-interface/node_modules/@wagmi/connectors/dist/walletConnect.js:233:7)
/Users/georgykrasulya/workspace/gmx-interface/node_modules/uint8arrays/cjs/src/util/bases.js:43
  hex: basics.bases.base16,
                    ^

TypeError: Cannot read properties of undefined (reading 'base16')
    at Object.<anonymous> (/Users/georgykrasulya/workspace/gmx-interface/node_modules/uint8arrays/cjs/src/util/bases.js:43:21)
    at Runtime._execModule (/Users/georgykrasulya/workspace/gmx-interface/node_modules/jest-runtime/build/index.js:1646:24)
    at Runtime._loadModule (/Users/georgykrasulya/workspace/gmx-interface/node_modules/jest-runtime/build/index.js:1185:12)
    at Runtime.requireModule (/Users/georgykrasulya/workspace/gmx-interface/node_modules/jest-runtime/build/index.js:1009:12)
    at Runtime.requireModuleOrMock (/Users/georgykrasulya/workspace/gmx-interface/node_modules/jest-runtime/build/index.js:1210:21)
    at Object.<anonymous> (/Users/georgykrasulya/workspace/gmx-interface/node_modules/uint8arrays/cjs/src/from-string.js:6:13)
    at Runtime._execModule (/Users/georgykrasulya/workspace/gmx-interface/node_modules/jest-runtime/build/index.js:1646:24)
    at Runtime._loadModule (/Users/georgykrasulya/workspace/gmx-interface/node_modules/jest-runtime/build/index.js:1185:12)
    at Runtime.requireModule (/Users/georgykrasulya/workspace/gmx-interface/node_modules/jest-runtime/build/index.js:1009:12)
    at Runtime.requireModuleOrMock (/Users/georgykrasulya/workspace/gmx-interface/node_modules/jest-runtime/build/index.js:1210:21)
    at Object.<anonymous> (/Users/georgykrasulya/workspace/gmx-interface/node_modules/uint8arrays/cjs/src/index.js:9:18)
    at Runtime._execModule (/Users/georgykrasulya/workspace/gmx-interface/node_modules/jest-runtime/build/index.js:1646:24)
    at Runtime._loadModule (/Users/georgykrasulya/workspace/gmx-interface/node_modules/jest-runtime/build/index.js:1185:12)
    at Runtime.requireModule (/Users/georgykrasulya/workspace/gmx-interface/node_modules/jest-runtime/build/index.js:1009:12)
    at Runtime.requireModuleOrMock (/Users/georgykrasulya/workspace/gmx-interface/node_modules/jest-runtime/build/index.js:1210:21)
    at Object.<anonymous> (/Users/georgykrasulya/workspace/gmx-interface/node_modules/@walletconnect/utils/dist/index.cjs.js:11:7)
    at Runtime._execModule (/Users/georgykrasulya/workspace/gmx-interface/node_modules/jest-runtime/build/index.js:1646:24)
    at Runtime._loadModule (/Users/georgykrasulya/workspace/gmx-interface/node_modules/jest-runtime/build/index.js:1185:12)
    at Runtime.requireModule (/Users/georgykrasulya/workspace/gmx-interface/node_modules/jest-runtime/build/index.js:1009:12)
    at Runtime.requireModuleOrMock (/Users/georgykrasulya/workspace/gmx-interface/node_modules/jest-runtime/build/index.js:1210:21)
    at Object.<anonymous> (/Users/georgykrasulya/workspace/gmx-interface/node_modules/@walletconnect/ethereum-provider/dist/index.cjs.js:7:7)
    at Runtime._execModule (/Users/georgykrasulya/workspace/gmx-interface/node_modules/jest-runtime/build/index.js:1646:24)
    at Runtime._loadModule (/Users/georgykrasulya/workspace/gmx-interface/node_modules/jest-runtime/build/index.js:1185:12)
    at Runtime.requireModule (/Users/georgykrasulya/workspace/gmx-interface/node_modules/jest-runtime/build/index.js:1009:12)
    at Runtime.requireModuleOrMock (/Users/georgykrasulya/workspace/gmx-interface/node_modules/jest-runtime/build/index.js:1210:21)
    at /Users/georgykrasulya/workspace/gmx-interface/node_modules/@wagmi/connectors/dist/walletConnect.js:233:80
    at processTicksAndRejections (node:internal/process/task_queues:96:5)
    at WalletConnectConnector.initProvider_fn (/Users/georgykrasulya/workspace/gmx-interface/node_modules/@wagmi/connectors/dist/walletConnect.js:233:7)
FAIL src/components/Synthetics/SubaccountModal/utils.spec.ts
  ● Test suite failed to run

    Jest worker encountered 4 child process exceptions, exceeding retry limit

      at ChildProcessWorker.initialize (node_modules/jest-worker/build/workers/ChildProcessWorker.js:185:21)

Test Suites: 5 failed, 5 total
Tests:       0 total
Snapshots:   0 total
Time:        23.868 s
Ran all test suites related to changed files.


